// Jest Snapshot v1, https://goo.gl/fbAQLP

exports[`searchSpecimen - selectiveBreedingTag - tagTypes dina returns all tag types matches snapshot 1`] = `
Array [
  Object {
    "attributes": Object {
      "count": 15,
      "key": "unknown",
      "type": "selectiveBreedingTag",
    },
    "id": "unknown",
    "type": "customObject",
  },
  Object {
    "attributes": Object {
      "count": 1,
      "key": "no",
      "type": "selectiveBreedingTag",
    },
    "id": "no",
    "type": "customObject",
  },
]
`;
