// Jest Snapshot v1, https://goo.gl/fbAQLP

exports[`searchSpecimen - storageLocationTag - tagTypes raw returns all tag types matches snapshot 1`] = `
Array [
  Object {
    "attributes": Object {
      "count": 28,
      "key": "institution",
      "tagType": "institution",
      "type": "storageLocationTag",
    },
    "id": "institution",
    "type": "customObject",
  },
  Object {
    "attributes": Object {
      "count": 28,
      "key": "room",
      "tagType": "room",
      "type": "storageLocationTag",
    },
    "id": "room",
    "type": "customObject",
  },
  Object {
    "attributes": Object {
      "count": 21,
      "key": "shelf",
      "tagType": "shelf",
      "type": "storageLocationTag",
    },
    "id": "shelf",
    "type": "customObject",
  },
  Object {
    "attributes": Object {
      "count": 2,
      "key": "mountingwall",
      "tagType": "mountingwall",
      "type": "storageLocationTag",
    },
    "id": "mountingwall",
    "type": "customObject",
  },
]
`;
