// Jest Snapshot v1, https://goo.gl/fbAQLP

exports[`searchSpecimen - query - agentTags tagTypeAggregation raw returns all tag types matches snapshot 1`] = `
Array [
  Object {
    "attributes": Object {
      "count": 32,
      "key": "record history by",
      "tagType": "record history by",
      "type": "agentTag",
    },
    "id": "record history by",
    "type": "customObject",
  },
  Object {
    "attributes": Object {
      "count": 15,
      "key": "collector",
      "tagType": "collector",
      "type": "agentTag",
    },
    "id": "collector",
    "type": "customObject",
  },
  Object {
    "attributes": Object {
      "count": 9,
      "key": "determined by",
      "tagType": "determined by",
      "type": "agentTag",
    },
    "id": "determined by",
    "type": "customObject",
  },
  Object {
    "attributes": Object {
      "count": 7,
      "key": "catalog card created by",
      "tagType": "catalog card created by",
      "type": "agentTag",
    },
    "id": "catalog card created by",
    "type": "customObject",
  },
  Object {
    "attributes": Object {
      "count": 5,
      "key": "handed in by",
      "tagType": "handed in by",
      "type": "agentTag",
    },
    "id": "handed in by",
    "type": "customObject",
  },
]
`;
