// Jest Snapshot v1, https://goo.gl/fbAQLP

exports[`searchSpecimen - query - tags - identifier tag aggregations no filters returns all aggregated identifiers when no filters are present (dina) 1`] = `
Array [
  Object {
    "attributes": Object {
      "count": 1,
      "key": "catalog-no-500001",
      "tagType": "catalog-no",
      "tagValue": "500001",
      "type": "identifierTag",
    },
    "id": "catalog-no-500001",
    "type": "customObject",
  },
  Object {
    "attributes": Object {
      "count": 1,
      "key": "catalog-no-530183",
      "tagType": "catalog-no",
      "tagValue": "530183",
      "type": "identifierTag",
    },
    "id": "catalog-no-530183",
    "type": "customObject",
  },
  Object {
    "attributes": Object {
      "count": 1,
      "key": "catalog-no-534406",
      "tagType": "catalog-no",
      "tagValue": "534406",
      "type": "identifierTag",
    },
    "id": "catalog-no-534406",
    "type": "customObject",
  },
  Object {
    "attributes": Object {
      "count": 1,
      "key": "catalog-no-583124",
      "tagType": "catalog-no",
      "tagValue": "583124",
      "type": "identifierTag",
    },
    "id": "catalog-no-583124",
    "type": "customObject",
  },
  Object {
    "attributes": Object {
      "count": 1,
      "key": "catalog-no-585522",
      "tagType": "catalog-no",
      "tagValue": "585522",
      "type": "identifierTag",
    },
    "id": "catalog-no-585522",
    "type": "customObject",
  },
  Object {
    "attributes": Object {
      "count": 1,
      "key": "catalog-no-587520",
      "tagType": "catalog-no",
      "tagValue": "587520",
      "type": "identifierTag",
    },
    "id": "catalog-no-587520",
    "type": "customObject",
  },
  Object {
    "attributes": Object {
      "count": 1,
      "key": "catalog-no-590325",
      "tagType": "catalog-no",
      "tagValue": "590325",
      "type": "identifierTag",
    },
    "id": "catalog-no-590325",
    "type": "customObject",
  },
  Object {
    "attributes": Object {
      "count": 1,
      "key": "catalog-no-620285",
      "tagType": "catalog-no",
      "tagValue": "620285",
      "type": "identifierTag",
    },
    "id": "catalog-no-620285",
    "type": "customObject",
  },
  Object {
    "attributes": Object {
      "count": 1,
      "key": "catalog-no-621445",
      "tagType": "catalog-no",
      "tagValue": "621445",
      "type": "identifierTag",
    },
    "id": "catalog-no-621445",
    "type": "customObject",
  },
  Object {
    "attributes": Object {
      "count": 1,
      "key": "catalog-no-628009",
      "tagType": "catalog-no",
      "tagValue": "628009",
      "type": "identifierTag",
    },
    "id": "catalog-no-628009",
    "type": "customObject",
  },
  Object {
    "attributes": Object {
      "count": 1,
      "key": "catalog-no-630096",
      "tagType": "catalog-no",
      "tagValue": "630096",
      "type": "identifierTag",
    },
    "id": "catalog-no-630096",
    "type": "customObject",
  },
  Object {
    "attributes": Object {
      "count": 1,
      "key": "catalog-no-805176",
      "tagType": "catalog-no",
      "tagValue": "805176",
      "type": "identifierTag",
    },
    "id": "catalog-no-805176",
    "type": "customObject",
  },
  Object {
    "attributes": Object {
      "count": 1,
      "key": "catalog-no-825005",
      "tagType": "catalog-no",
      "tagValue": "825005",
      "type": "identifierTag",
    },
    "id": "catalog-no-825005",
    "type": "customObject",
  },
  Object {
    "attributes": Object {
      "count": 1,
      "key": "catalog-no-956051",
      "tagType": "catalog-no",
      "tagValue": "956051",
      "type": "identifierTag",
    },
    "id": "catalog-no-956051",
    "type": "customObject",
  },
  Object {
    "attributes": Object {
      "count": 1,
      "key": "catalog-no-985093",
      "tagType": "catalog-no",
      "tagValue": "985093",
      "type": "identifierTag",
    },
    "id": "catalog-no-985093",
    "type": "customObject",
  },
  Object {
    "attributes": Object {
      "count": 1,
      "key": "catalog-no-985729",
      "tagType": "catalog-no",
      "tagValue": "985729",
      "type": "identifierTag",
    },
    "id": "catalog-no-985729",
    "type": "customObject",
  },
  Object {
    "attributes": Object {
      "count": 1,
      "key": "loan-no-2012-21",
      "tagType": "loan-no",
      "tagValue": "2012-21",
      "type": "identifierTag",
    },
    "id": "loan-no-2012-21",
    "type": "customObject",
  },
  Object {
    "attributes": Object {
      "count": 1,
      "key": "old-skeleton-no-1,285",
      "tagType": "old-skeleton-no",
      "tagValue": "1,285",
      "type": "identifierTag",
    },
    "id": "old-skeleton-no-1,285",
    "type": "customObject",
  },
  Object {
    "attributes": Object {
      "count": 1,
      "key": "old-skeleton-no-1; 4406",
      "tagType": "old-skeleton-no",
      "tagValue": "1; 4406",
      "type": "identifierTag",
    },
    "id": "old-skeleton-no-1; 4406",
    "type": "customObject",
  },
  Object {
    "attributes": Object {
      "count": 1,
      "key": "old-skeleton-no-20",
      "tagType": "old-skeleton-no",
      "tagValue": "20",
      "type": "identifierTag",
    },
    "id": "old-skeleton-no-20",
    "type": "customObject",
  },
  Object {
    "attributes": Object {
      "count": 1,
      "key": "old-skeleton-no-5176",
      "tagType": "old-skeleton-no",
      "tagValue": "5176",
      "type": "identifierTag",
    },
    "id": "old-skeleton-no-5176",
    "type": "customObject",
  },
  Object {
    "attributes": Object {
      "count": 1,
      "key": "old-skeleton-no-6",
      "tagType": "old-skeleton-no",
      "tagValue": "6",
      "type": "identifierTag",
    },
    "id": "old-skeleton-no-6",
    "type": "customObject",
  },
  Object {
    "attributes": Object {
      "count": 1,
      "key": "old-skeleton-no-9",
      "tagType": "old-skeleton-no",
      "tagValue": "9",
      "type": "identifierTag",
    },
    "id": "old-skeleton-no-9",
    "type": "customObject",
  },
  Object {
    "attributes": Object {
      "count": 1,
      "key": "old-skeleton-no-925",
      "tagType": "old-skeleton-no",
      "tagValue": "925",
      "type": "identifierTag",
    },
    "id": "old-skeleton-no-925",
    "type": "customObject",
  },
  Object {
    "attributes": Object {
      "count": 1,
      "key": "old-skeleton-no-a825005",
      "tagType": "old-skeleton-no",
      "tagValue": "a825005",
      "type": "identifierTag",
    },
    "id": "old-skeleton-no-a825005",
    "type": "customObject",
  },
  Object {
    "attributes": Object {
      "count": 1,
      "key": "old-skeleton-no-bly 45, 1008, 3124",
      "tagType": "old-skeleton-no",
      "tagValue": "bly 45, 1008, 3124",
      "type": "identifierTag",
    },
    "id": "old-skeleton-no-bly 45, 1008, 3124",
    "type": "customObject",
  },
  Object {
    "attributes": Object {
      "count": 1,
      "key": "old-skin-no-1,285",
      "tagType": "old-skin-no",
      "tagValue": "1,285",
      "type": "identifierTag",
    },
    "id": "old-skin-no-1,285",
    "type": "customObject",
  },
  Object {
    "attributes": Object {
      "count": 1,
      "key": "old-skin-no-1; 4406; 52",
      "tagType": "old-skin-no",
      "tagValue": "1; 4406; 52",
      "type": "identifierTag",
    },
    "id": "old-skin-no-1; 4406; 52",
    "type": "customObject",
  },
  Object {
    "attributes": Object {
      "count": 1,
      "key": "old-skin-no-20",
      "tagType": "old-skin-no",
      "tagValue": "20",
      "type": "identifierTag",
    },
    "id": "old-skin-no-20",
    "type": "customObject",
  },
  Object {
    "attributes": Object {
      "count": 1,
      "key": "old-skin-no-321",
      "tagType": "old-skin-no",
      "tagValue": "321",
      "type": "identifierTag",
    },
    "id": "old-skin-no-321",
    "type": "customObject",
  },
  Object {
    "attributes": Object {
      "count": 1,
      "key": "old-skin-no-5176",
      "tagType": "old-skin-no",
      "tagValue": "5176",
      "type": "identifierTag",
    },
    "id": "old-skin-no-5176",
    "type": "customObject",
  },
  Object {
    "attributes": Object {
      "count": 1,
      "key": "old-skin-no-9",
      "tagType": "old-skin-no",
      "tagValue": "9",
      "type": "identifierTag",
    },
    "id": "old-skin-no-9",
    "type": "customObject",
  },
  Object {
    "attributes": Object {
      "count": 1,
      "key": "old-skin-no-925",
      "tagType": "old-skin-no",
      "tagValue": "925",
      "type": "identifierTag",
    },
    "id": "old-skin-no-925",
    "type": "customObject",
  },
  Object {
    "attributes": Object {
      "count": 1,
      "key": "sva-no-v0253/98",
      "tagType": "sva-no",
      "tagValue": "v0253/98",
      "type": "identifierTag",
    },
    "id": "sva-no-v0253/98",
    "type": "customObject",
  },
  Object {
    "attributes": Object {
      "count": 1,
      "key": "sva-no-v0615/98",
      "tagType": "sva-no",
      "tagValue": "v0615/98",
      "type": "identifierTag",
    },
    "id": "sva-no-v0615/98",
    "type": "customObject",
  },
]
`;

exports[`searchSpecimen - query - tags - identifier tag aggregations no filters returns all aggregated identifiers when no filters are present (raw) 1`] = `
Array [
  Object {
    "attributes": Object {
      "count": 1,
      "key": "catalog-no-500001",
      "tagType": "catalog-no",
      "tagValue": "500001",
      "type": "identifierTag",
    },
    "id": "catalog-no-500001",
    "type": "customObject",
  },
  Object {
    "attributes": Object {
      "count": 1,
      "key": "catalog-no-530183",
      "tagType": "catalog-no",
      "tagValue": "530183",
      "type": "identifierTag",
    },
    "id": "catalog-no-530183",
    "type": "customObject",
  },
  Object {
    "attributes": Object {
      "count": 1,
      "key": "catalog-no-534406",
      "tagType": "catalog-no",
      "tagValue": "534406",
      "type": "identifierTag",
    },
    "id": "catalog-no-534406",
    "type": "customObject",
  },
  Object {
    "attributes": Object {
      "count": 1,
      "key": "catalog-no-583124",
      "tagType": "catalog-no",
      "tagValue": "583124",
      "type": "identifierTag",
    },
    "id": "catalog-no-583124",
    "type": "customObject",
  },
  Object {
    "attributes": Object {
      "count": 1,
      "key": "catalog-no-585522",
      "tagType": "catalog-no",
      "tagValue": "585522",
      "type": "identifierTag",
    },
    "id": "catalog-no-585522",
    "type": "customObject",
  },
  Object {
    "attributes": Object {
      "count": 1,
      "key": "catalog-no-587520",
      "tagType": "catalog-no",
      "tagValue": "587520",
      "type": "identifierTag",
    },
    "id": "catalog-no-587520",
    "type": "customObject",
  },
  Object {
    "attributes": Object {
      "count": 1,
      "key": "catalog-no-590325",
      "tagType": "catalog-no",
      "tagValue": "590325",
      "type": "identifierTag",
    },
    "id": "catalog-no-590325",
    "type": "customObject",
  },
  Object {
    "attributes": Object {
      "count": 1,
      "key": "catalog-no-620285",
      "tagType": "catalog-no",
      "tagValue": "620285",
      "type": "identifierTag",
    },
    "id": "catalog-no-620285",
    "type": "customObject",
  },
  Object {
    "attributes": Object {
      "count": 1,
      "key": "catalog-no-621445",
      "tagType": "catalog-no",
      "tagValue": "621445",
      "type": "identifierTag",
    },
    "id": "catalog-no-621445",
    "type": "customObject",
  },
  Object {
    "attributes": Object {
      "count": 1,
      "key": "catalog-no-628009",
      "tagType": "catalog-no",
      "tagValue": "628009",
      "type": "identifierTag",
    },
    "id": "catalog-no-628009",
    "type": "customObject",
  },
  Object {
    "attributes": Object {
      "count": 1,
      "key": "catalog-no-630096",
      "tagType": "catalog-no",
      "tagValue": "630096",
      "type": "identifierTag",
    },
    "id": "catalog-no-630096",
    "type": "customObject",
  },
  Object {
    "attributes": Object {
      "count": 1,
      "key": "catalog-no-805176",
      "tagType": "catalog-no",
      "tagValue": "805176",
      "type": "identifierTag",
    },
    "id": "catalog-no-805176",
    "type": "customObject",
  },
  Object {
    "attributes": Object {
      "count": 1,
      "key": "catalog-no-825005",
      "tagType": "catalog-no",
      "tagValue": "825005",
      "type": "identifierTag",
    },
    "id": "catalog-no-825005",
    "type": "customObject",
  },
  Object {
    "attributes": Object {
      "count": 1,
      "key": "catalog-no-956051",
      "tagType": "catalog-no",
      "tagValue": "956051",
      "type": "identifierTag",
    },
    "id": "catalog-no-956051",
    "type": "customObject",
  },
  Object {
    "attributes": Object {
      "count": 1,
      "key": "catalog-no-985093",
      "tagType": "catalog-no",
      "tagValue": "985093",
      "type": "identifierTag",
    },
    "id": "catalog-no-985093",
    "type": "customObject",
  },
  Object {
    "attributes": Object {
      "count": 1,
      "key": "catalog-no-985729",
      "tagType": "catalog-no",
      "tagValue": "985729",
      "type": "identifierTag",
    },
    "id": "catalog-no-985729",
    "type": "customObject",
  },
  Object {
    "attributes": Object {
      "count": 1,
      "key": "loan-no-2012-21",
      "tagType": "loan-no",
      "tagValue": "2012-21",
      "type": "identifierTag",
    },
    "id": "loan-no-2012-21",
    "type": "customObject",
  },
  Object {
    "attributes": Object {
      "count": 1,
      "key": "old-skeleton-no-1,285",
      "tagType": "old-skeleton-no",
      "tagValue": "1,285",
      "type": "identifierTag",
    },
    "id": "old-skeleton-no-1,285",
    "type": "customObject",
  },
  Object {
    "attributes": Object {
      "count": 1,
      "key": "old-skeleton-no-1; 4406",
      "tagType": "old-skeleton-no",
      "tagValue": "1; 4406",
      "type": "identifierTag",
    },
    "id": "old-skeleton-no-1; 4406",
    "type": "customObject",
  },
  Object {
    "attributes": Object {
      "count": 1,
      "key": "old-skeleton-no-20",
      "tagType": "old-skeleton-no",
      "tagValue": "20",
      "type": "identifierTag",
    },
    "id": "old-skeleton-no-20",
    "type": "customObject",
  },
  Object {
    "attributes": Object {
      "count": 1,
      "key": "old-skeleton-no-5176",
      "tagType": "old-skeleton-no",
      "tagValue": "5176",
      "type": "identifierTag",
    },
    "id": "old-skeleton-no-5176",
    "type": "customObject",
  },
  Object {
    "attributes": Object {
      "count": 1,
      "key": "old-skeleton-no-6",
      "tagType": "old-skeleton-no",
      "tagValue": "6",
      "type": "identifierTag",
    },
    "id": "old-skeleton-no-6",
    "type": "customObject",
  },
  Object {
    "attributes": Object {
      "count": 1,
      "key": "old-skeleton-no-9",
      "tagType": "old-skeleton-no",
      "tagValue": "9",
      "type": "identifierTag",
    },
    "id": "old-skeleton-no-9",
    "type": "customObject",
  },
  Object {
    "attributes": Object {
      "count": 1,
      "key": "old-skeleton-no-925",
      "tagType": "old-skeleton-no",
      "tagValue": "925",
      "type": "identifierTag",
    },
    "id": "old-skeleton-no-925",
    "type": "customObject",
  },
  Object {
    "attributes": Object {
      "count": 1,
      "key": "old-skeleton-no-a825005",
      "tagType": "old-skeleton-no",
      "tagValue": "a825005",
      "type": "identifierTag",
    },
    "id": "old-skeleton-no-a825005",
    "type": "customObject",
  },
  Object {
    "attributes": Object {
      "count": 1,
      "key": "old-skeleton-no-bly 45, 1008, 3124",
      "tagType": "old-skeleton-no",
      "tagValue": "bly 45, 1008, 3124",
      "type": "identifierTag",
    },
    "id": "old-skeleton-no-bly 45, 1008, 3124",
    "type": "customObject",
  },
  Object {
    "attributes": Object {
      "count": 1,
      "key": "old-skin-no-1,285",
      "tagType": "old-skin-no",
      "tagValue": "1,285",
      "type": "identifierTag",
    },
    "id": "old-skin-no-1,285",
    "type": "customObject",
  },
  Object {
    "attributes": Object {
      "count": 1,
      "key": "old-skin-no-1; 4406; 52",
      "tagType": "old-skin-no",
      "tagValue": "1; 4406; 52",
      "type": "identifierTag",
    },
    "id": "old-skin-no-1; 4406; 52",
    "type": "customObject",
  },
  Object {
    "attributes": Object {
      "count": 1,
      "key": "old-skin-no-20",
      "tagType": "old-skin-no",
      "tagValue": "20",
      "type": "identifierTag",
    },
    "id": "old-skin-no-20",
    "type": "customObject",
  },
  Object {
    "attributes": Object {
      "count": 1,
      "key": "old-skin-no-321",
      "tagType": "old-skin-no",
      "tagValue": "321",
      "type": "identifierTag",
    },
    "id": "old-skin-no-321",
    "type": "customObject",
  },
  Object {
    "attributes": Object {
      "count": 1,
      "key": "old-skin-no-5176",
      "tagType": "old-skin-no",
      "tagValue": "5176",
      "type": "identifierTag",
    },
    "id": "old-skin-no-5176",
    "type": "customObject",
  },
  Object {
    "attributes": Object {
      "count": 1,
      "key": "old-skin-no-9",
      "tagType": "old-skin-no",
      "tagValue": "9",
      "type": "identifierTag",
    },
    "id": "old-skin-no-9",
    "type": "customObject",
  },
  Object {
    "attributes": Object {
      "count": 1,
      "key": "old-skin-no-925",
      "tagType": "old-skin-no",
      "tagValue": "925",
      "type": "identifierTag",
    },
    "id": "old-skin-no-925",
    "type": "customObject",
  },
  Object {
    "attributes": Object {
      "count": 1,
      "key": "sva-no-v0253/98",
      "tagType": "sva-no",
      "tagValue": "v0253/98",
      "type": "identifierTag",
    },
    "id": "sva-no-v0253/98",
    "type": "customObject",
  },
  Object {
    "attributes": Object {
      "count": 1,
      "key": "sva-no-v0615/98",
      "tagType": "sva-no",
      "tagValue": "v0615/98",
      "type": "identifierTag",
    },
    "id": "sva-no-v0615/98",
    "type": "customObject",
  },
]
`;
