// Jest Snapshot v1, https://goo.gl/fbAQLP

exports[`searchSpecimen - query - tags - taxonomyTags tagTypeAggregation raw returns all tag types matches snapshot 1`] = `
Array [
  Object {
    "attributes": Object {
      "count": 16,
      "key": "family",
      "tagType": "family",
      "type": "taxonomyTag",
    },
    "id": "family",
    "type": "customObject",
  },
  Object {
    "attributes": Object {
      "count": 16,
      "key": "genus",
      "tagType": "genus",
      "type": "taxonomyTag",
    },
    "id": "genus",
    "type": "customObject",
  },
  Object {
    "attributes": Object {
      "count": 16,
      "key": "order",
      "tagType": "order",
      "type": "taxonomyTag",
    },
    "id": "order",
    "type": "customObject",
  },
  Object {
    "attributes": Object {
      "count": 15,
      "key": "species",
      "tagType": "species",
      "type": "taxonomyTag",
    },
    "id": "species",
    "type": "customObject",
  },
]
`;
